   Compiling strength_reduce v0.2.4
   Compiling tracing-core v0.1.36
   Compiling serde_core v1.0.228
   Compiling either v1.16.0
   Compiling pin-project-lite v0.2.17
   Compiling rand_core v0.10.1
   Compiling num-traits v0.2.19
   Compiling p3-maybe-rayon v0.6.1
   Compiling scopeguard v1.2.0
   Compiling libc v0.2.186
   Compiling rand v0.10.1
   Compiling lock_api v0.4.14
   Compiling itertools v0.14.0
   Compiling thiserror v2.0.18
   Compiling typenum v1.20.1
   Compiling spin v0.12.0
   Compiling tracing v0.1.44
   Compiling cfg-if v1.0.4
   Compiling zerocopy v0.8.52
   Compiling byteorder v1.5.0
   Compiling getrandom v0.2.17
   Compiling num-integer v0.1.46
   Compiling hash32 v0.2.1
   Compiling rand_core v0.6.4
   Compiling cpufeatures v0.2.17
   Compiling crunchy v0.2.4
   Compiling stable_deref_trait v1.2.1
   Compiling transpose v0.2.3
   Compiling num-bigint v0.4.6
   Compiling generic-array v0.14.7
   Compiling tiny-keccak v2.0.2
   Compiling libm v0.2.16
   Compiling zmij v1.0.21
   Compiling keccak v0.1.6
   Compiling cobs v0.3.0
   Compiling itoa v1.0.18
   Compiling memchr v2.8.2
   Compiling hex v0.4.3
   Compiling block-buffer v0.10.4
   Compiling crypto-common v0.1.7
   Compiling digest v0.10.7
   Compiling sha3 v0.10.9
   Compiling serde v1.0.228
   Compiling serde_json v1.0.150
   Compiling p3-util v0.6.1
   Compiling heapless v0.7.17
   Compiling p3-field v0.6.1
   Compiling postcard v1.1.3
   Compiling ppv-lite86 v0.2.21
   Compiling rand_chacha v0.3.1
   Compiling p3-matrix v0.6.1
   Compiling p3-symmetric v0.6.1
   Compiling rand v0.8.6
   Compiling p3-keccak v0.6.1
   Compiling p3-dft v0.6.1
   Compiling p3-multilinear-util v0.6.1
   Compiling p3-air v0.6.1
   Compiling p3-mds v0.6.1
   Compiling p3-poseidon1 v0.6.1
   Compiling p3-poseidon2 v0.6.1
   Compiling p3-monty-31 v0.6.1
   Compiling p3-challenger v0.6.1
   Compiling p3-commit v0.6.1
   Compiling p3-mersenne-31 v0.6.1
   Compiling p3-fri v0.6.1
   Compiling p3-merkle-tree v0.6.1
   Compiling p3-uni-stark v0.6.1
   Compiling p3-circle v0.6.1
   Compiling wqc-stark-core v0.1.0 (/Users/yoshitaka/world-qc/wqc-stark-engine/wqc-stark-core)
warning: type alias `FieldHash` is never used
  --> wqc-stark-core/src/plonky3_stark/config.rs:37:10
   |
37 | pub type FieldHash = PoseidonPackedFieldHash;
   |          ^^^^^^^^^
   |
   = note: `#[warn(dead_code)]` (part of `#[warn(unused)]`) on by default

warning: type alias `Compress` is never used
  --> wqc-stark-core/src/plonky3_stark/config.rs:38:10
   |
38 | pub type Compress = PoseidonPackedCompress;
   |          ^^^^^^^^

warning: type alias `PoseidonFieldValMmcs` is never used
   --> wqc-stark-core/src/plonky3_stark/config_poseidon.rs:102:10
    |
102 | pub type PoseidonFieldValMmcs = MerkleTreeMmcs<
    |          ^^^^^^^^^^^^^^^^^^^^

warning: function `prove_val_leaf` is never used
   --> wqc-stark-core/src/plonky3_stark/recursion/keccak256_air.rs:479:8
    |
479 | pub fn prove_val_leaf(row: &[Mersenne31]) -> Result<Keccak256StarkProof, String> {
    |        ^^^^^^^^^^^^^^

warning: function `verify_val_leaf` is never used
   --> wqc-stark-core/src/plonky3_stark/recursion/keccak256_air.rs:498:8
    |
498 | pub fn verify_val_leaf(row: &[Mersenne31], proof: &Keccak256StarkProof) -> bool {
    |        ^^^^^^^^^^^^^^^

warning: function `verify_val_leaf_digest` is never used
   --> wqc-stark-core/src/plonky3_stark/recursion/keccak256_air.rs:528:8
    |
528 | pub fn verify_val_leaf_digest(
    |        ^^^^^^^^^^^^^^^^^^^^^^

warning: function `merkle_root_from_path_keccak` is never used
  --> wqc-stark-core/src/plonky3_stark/recursion/merkle_keccak.rs:79:8
   |
79 | pub fn merkle_root_from_path_keccak(
   |        ^^^^^^^^^^^^^^^^^^^^^^^^^^^^

warning: constant `POSEIDON2_PERM_STATE_COLS` is never used
  --> wqc-stark-core/src/plonky3_stark/recursion/poseidon2_perm_air.rs:26:11
   |
26 | pub const POSEIDON2_PERM_STATE_COLS: usize = POSEIDON2_WIDTH;
   |           ^^^^^^^^^^^^^^^^^^^^^^^^^

warning: function `external_round` is never used
   --> wqc-stark-core/src/plonky3_stark/recursion/poseidon2_perm_air.rs:142:4
    |
142 | fn external_round<R: PrimeCharacteristicRing>(state: &mut [R; POSEIDON2_WIDTH], rc: &[R; POSEIDON2_WIDTH]) {
    |    ^^^^^^^^^^^^^^

warning: constant `POSEIDON2_SEG_ROWS` is never used
  --> wqc-stark-core/src/plonky3_stark/recursion/poseidon2_group_m4b.rs:41:11
   |
41 | pub const POSEIDON2_SEG_ROWS: usize = POSEIDON2_PERM_ROWS;
   |           ^^^^^^^^^^^^^^^^^^

warning: function `decode_keccak_group_fold` is never used
   --> wqc-stark-core/src/plonky3_stark/recursion/transcript_v6.rs:618:4
    |
618 | fn decode_keccak_group_fold(proof: &[u8], offset: usize) -> Option<(KeccakGroupFoldProof, usize)> {
    |    ^^^^^^^^^^^^^^^^^^^^^^^^

warning: `wqc-stark-core` (lib) generated 11 warnings
    Finished `release` profile [optimized] target(s) in 51.86s
     Running `/var/folders/kb/218_f3n52rz43dz9crbpfxs80000gn/T/cursor-sandbox-cache/679c28d948167c0028c1408914cba45e/cargo-target/release/shrink-baseline --poseidon-compose --security-level low`
E5b Poseidon compose: idle two-leaf RecAgg (security_level=low)…
[Aggregation] using prebuilt leaf PCS bundle (198162 bytes)
[Aggregation] using prebuilt leaf PCS bundle (198162 bytes)
[M4c size] compose left leaf PCS STARKs total=167835 bytes (0.16 MiB); certs=1 mmcs_groups=141858 fri_fold=10817 deep_ro=0 ood=15160
[M4c size] compose right leaf PCS STARKs total=167835 bytes (0.16 MiB); certs=1 mmcs_groups=141858 fri_fold=10817 deep_ro=0 ood=15160
[Aggregation] using embedded leaf PCS bundle from rec-agg proof (1 certs)
[Aggregation] using embedded leaf PCS bundle from rec-agg proof (1 certs)
[RecursiveAggregationAir] Verification success (R3-M2 compose=root)
[Aggregation] Root proof verified (R3-M2 fast path) for task e5b-shrink-parent
{
  "benchmark": "idle_two_leaf_poseidon_compose",
  "fri_num_queries": 8,
  "has_rec_agg_tail": true,
  "keccak_reference_root_bytes": 5022410,
  "left_leaf_bytes": 3679,
  "left_pcs_bytes": 198162,
  "mmcs_group_chunk": 24,
  "reference_sweep": "low/chunk24",
  "right_leaf_bytes": 3679,
  "right_pcs_bytes": 198162,
  "root_bytes": 418626,
  "root_saved_vs_keccak_ref": 4603784,
  "security_level": "low",
  "security_level_label": "low",
  "shrink_gate_bytes": 512000,
  "vs_shrink_gate": -93374
}
wrote /Users/yoshitaka/world-qc/wqc-stark-engine/fixtures/e5b/poseidon-compose.json (ref low/chunk24)
