   Compiling wqc-stark-core v0.1.0 (/Users/yoshitaka/world-qc/wqc-stark-engine/wqc-stark-core)
warning: unused import: `Mmcs`
 --> wqc-stark-core/src/plonky3_stark/config_poseidon.rs:8:32
  |
8 | use p3_commit::{ExtensionMmcs, Mmcs};
  |                                ^^^^
  |
  = note: `#[warn(unused_imports)]` (part of `#[warn(unused)]`) on by default

warning: unused import: `p3_matrix::dense::RowMajorMatrix`
  --> wqc-stark-core/src/plonky3_stark/config_poseidon.rs:10:5
   |
10 | use p3_matrix::dense::RowMajorMatrix;
   |     ^^^^^^^^^^^^^^^^^^^^^^^^^^^^^^^^

warning: unused import: `p3_matrix::Matrix`
  --> wqc-stark-core/src/plonky3_stark/config_poseidon.rs:11:5
   |
11 | use p3_matrix::Matrix;
   |     ^^^^^^^^^^^^^^^^^

warning: unused import: `Mersenne31`
  --> wqc-stark-core/src/plonky3_stark/config_poseidon.rs:13:55
   |
13 | use p3_mersenne_31::{default_mersenne31_poseidon2_16, Mersenne31, Poseidon2Mersenne31};
   |                                                       ^^^^^^^^^^

warning: constant `POSEIDON2_PERM_STATE_COLS` is never used
  --> wqc-stark-core/src/plonky3_stark/recursion/poseidon2_perm_air.rs:26:11
   |
26 | pub const POSEIDON2_PERM_STATE_COLS: usize = POSEIDON2_WIDTH;
   |           ^^^^^^^^^^^^^^^^^^^^^^^^^
   |
   = note: `#[warn(dead_code)]` (part of `#[warn(unused)]`) on by default

warning: function `external_round` is never used
   --> wqc-stark-core/src/plonky3_stark/recursion/poseidon2_perm_air.rs:142:4
    |
142 | fn external_round<R: PrimeCharacteristicRing>(state: &mut [R; POSEIDON2_WIDTH], rc: &[R; POSEIDON2_WIDTH]) {
    |    ^^^^^^^^^^^^^^

warning: constant `POSEIDON2_SEG_ROWS` is never used
  --> wqc-stark-core/src/plonky3_stark/recursion/poseidon2_group_m4b.rs:32:11
   |
32 | pub const POSEIDON2_SEG_ROWS: usize = POSEIDON2_PERM_ROWS;
   |           ^^^^^^^^^^^^^^^^^^

warning: function `decode_keccak_group_fold` is never used
   --> wqc-stark-core/src/plonky3_stark/recursion/transcript_v6.rs:618:4
    |
618 | fn decode_keccak_group_fold(proof: &[u8], offset: usize) -> Option<(KeccakGroupFoldProof, usize)> {
    |    ^^^^^^^^^^^^^^^^^^^^^^^^

warning: `wqc-stark-core` (lib) generated 8 warnings (run `cargo fix --lib -p wqc-stark-core` to apply 4 suggestions)
    Finished `release` profile [optimized] target(s) in 48.01s
     Running `/var/folders/kb/218_f3n52rz43dz9crbpfxs80000gn/T/cursor-sandbox-cache/b8d253412f1cef305cefc7ae93c7d7a8/cargo-target/release/shrink-baseline --poseidon-compose --security-level low`
E5b Poseidon compose: idle two-leaf RecAgg (security_level=low)…
[Aggregation] using prebuilt leaf PCS bundle (722222 bytes)
[Aggregation] using prebuilt leaf PCS bundle (722222 bytes)
[M4c size] compose left leaf PCS STARKs total=691895 bytes (0.66 MiB); certs=1 mmcs_groups=624573 fri_fold=52162 deep_ro=0 ood=15160
[M4c size] compose right leaf PCS STARKs total=691895 bytes (0.66 MiB); certs=1 mmcs_groups=624573 fri_fold=52162 deep_ro=0 ood=15160
[Aggregation] using embedded leaf PCS bundle from rec-agg proof (1 certs)
[Aggregation] using embedded leaf PCS bundle from rec-agg proof (1 certs)
[RecursiveAggregationAir] Verification success (R3-M2 compose=root)
[Aggregation] Root proof verified (R3-M2 fast path) for task e5b-shrink-parent
{
  "benchmark": "idle_two_leaf_poseidon_compose",
  "has_rec_agg_tail": true,
  "keccak_reference_root_bytes": 5022410,
  "left_leaf_bytes": 3679,
  "left_pcs_bytes": 722222,
  "reference_sweep": "low/chunk24",
  "right_leaf_bytes": 3679,
  "right_pcs_bytes": 722222,
  "root_bytes": 1466946,
  "root_saved_vs_keccak_ref": 3555464,
  "security_level": "low"
}
wrote /Users/yoshitaka/world-qc/wqc-stark-engine/fixtures/e5b/poseidon-compose.json (ref low/chunk24)
