   Compiling wqc-stark-core v0.1.0 (/Users/yoshitaka/world-qc/wqc-stark-engine/wqc-stark-core)
warning: unused variable: `chal`
   --> wqc-stark-core/src/plonky3_stark/recursion/fri_mmcs_m4c.rs:939:9
    |
939 |     let chal = replay_fri_challenges(proof, trace_width)?;
    |         ^^^^ help: if this is intentional, prefix it with an underscore: `_chal`
    |
    = note: `#[warn(unused_variables)]` (part of `#[warn(unused)]`) on by default

warning: constant `POSEIDON2_PERM_STATE_COLS` is never used
  --> wqc-stark-core/src/plonky3_stark/recursion/poseidon2_perm_air.rs:26:11
   |
26 | pub const POSEIDON2_PERM_STATE_COLS: usize = POSEIDON2_WIDTH;
   |           ^^^^^^^^^^^^^^^^^^^^^^^^^
   |
   = note: `#[warn(dead_code)]` (part of `#[warn(unused)]`) on by default

warning: function `external_round` is never used
   --> wqc-stark-core/src/plonky3_stark/recursion/poseidon2_perm_air.rs:142:4
    |
142 | fn external_round<R: PrimeCharacteristicRing>(state: &mut [R; POSEIDON2_WIDTH], rc: &[R; POSEIDON2_WIDTH]) {
    |    ^^^^^^^^^^^^^^

warning: constant `POSEIDON2_SEG_ROWS` is never used
  --> wqc-stark-core/src/plonky3_stark/recursion/poseidon2_group_m4b.rs:32:11
   |
32 | pub const POSEIDON2_SEG_ROWS: usize = POSEIDON2_PERM_ROWS;
   |           ^^^^^^^^^^^^^^^^^^

warning: function `decode_keccak_group_fold` is never used
   --> wqc-stark-core/src/plonky3_stark/recursion/transcript_v6.rs:618:4
    |
618 | fn decode_keccak_group_fold(proof: &[u8], offset: usize) -> Option<(KeccakGroupFoldProof, usize)> {
    |    ^^^^^^^^^^^^^^^^^^^^^^^^

warning: `wqc-stark-core` (lib) generated 5 warnings (run `cargo fix --lib -p wqc-stark-core` to apply 1 suggestion)
    Finished `release` profile [optimized] target(s) in 48.76s
     Running `/var/folders/kb/218_f3n52rz43dz9crbpfxs80000gn/T/cursor-sandbox-cache/b8d253412f1cef305cefc7ae93c7d7a8/cargo-target/release/shrink-baseline --poseidon-benchmark --security-level low`
E5b Poseidon Mmcs benchmark: idle leaf PCS (security_level=low)…
{
  "benchmark": "idle_leaf_pcs_poseidon_mmcs_groups",
  "leaf_pcs_bytes_keccak": 2498418,
  "leaf_pcs_poseidon_estimate_bytes": 722218,
  "mmcs_groups_stark_bytes_keccak": 2400773,
  "mmcs_groups_stark_bytes_poseidon_estimate": 624573,
  "mmcs_groups_stark_saved_bytes": 1776200,
  "poseidon_groups_measured": 4,
  "poseidon_groups_skipped_wide": 0,
  "reference_keccak_root_bytes": 5022410,
  "reference_mmcs_groups_per_side": 2400773,
  "reference_sweep": "low/chunk24",
  "security_level": "low"
}
wrote /Users/yoshitaka/world-qc/wqc-stark-engine/fixtures/e5b/poseidon-benchmark.json (ref low/chunk24)
