    Finished `release` profile [optimized] target(s) in 0.04s
     Running `/var/folders/kb/218_f3n52rz43dz9crbpfxs80000gn/T/cursor-sandbox-cache/bf12cfdfff560947f5558558bfa3fd5a/cargo-target/release/shrink-baseline --poseidon-compose`
E5b Poseidon compose: idle two-leaf RecAgg (security_level=default)…
[Aggregation] using prebuilt leaf PCS bundle (68505 bytes)
[Aggregation] using prebuilt leaf PCS bundle (68505 bytes)
[M4c size] compose left leaf PCS STARKs total=36618 bytes (0.03 MiB); certs=1 mmcs_groups=27405 fri_fold=7409 deep_ro=0 ood=1804
[M4c size]   cert0 val_trace: 1 group(s) [n=160 d=3 w=48 stark=27405]
[M4c size]   cert0 fri_fold: y=7409 xs=0 (log_h=[])
[M4c size] compose right leaf PCS STARKs total=36618 bytes (0.03 MiB); certs=1 mmcs_groups=27405 fri_fold=7409 deep_ro=0 ood=1804
[M4c size]   cert0 val_trace: 1 group(s) [n=160 d=3 w=48 stark=27405]
[M4c size]   cert0 fri_fold: y=7409 xs=0 (log_h=[])
[Aggregation] using embedded leaf PCS bundle from rec-agg proof (1 certs)
[Aggregation] using embedded leaf PCS bundle from rec-agg proof (1 certs)
[RecursiveAggregationAir] Verification success (R3-M2 compose=root)
[Aggregation] Root proof verified (R3-M2 fast path) for task e5b-shrink-parent
{
  "benchmark": "idle_two_leaf_poseidon_compose",
  "fri_num_queries": 40,
  "has_rec_agg_tail": true,
  "keccak_reference_root_bytes": 5022410,
  "left_leaf_bytes": 16247,
  "left_pcs_bytes": 68505,
  "mmcs_group_chunk": 40,
  "nested_fri_num_queries": 4,
  "reference_sweep": "low/chunk24",
  "right_leaf_bytes": 16247,
  "right_pcs_bytes": 68505,
  "root_bytes": 231393,
  "root_saved_vs_keccak_ref": 4791017,
  "security_level": "",
  "security_level_label": "default",
  "shrink_gate_bytes": 512000,
  "vs_shrink_gate": -280607
}
wrote /Users/yoshitaka/world-qc/wqc-stark-engine/fixtures/e5b/poseidon-compose-default-chunk40-nested4q.json (ref low/chunk24)
