    Finished `release` profile [optimized] target(s) in 0.07s
     Running `/var/folders/kb/218_f3n52rz43dz9crbpfxs80000gn/T/cursor-sandbox-cache/c6e264e84f4a4c927104207387fcd3ba/cargo-target/release/shrink-baseline --poseidon-compose --security-level low`
E5b Poseidon compose: idle two-leaf RecAgg (security_level=low)…
[Aggregation] using prebuilt leaf PCS bundle (8542 bytes)
[Aggregation] using prebuilt leaf PCS bundle (8542 bytes)
[M4c size] compose left leaf PCS STARKs total=0 bytes (0.00 MiB); certs=1 mmcs_groups=0 fri_fold=0 deep_ro=0 ood=0
[M4c size]   cert0 fri_fold: y=0 xs=0 (log_h=[])
[M4c size] compose right leaf PCS STARKs total=0 bytes (0.00 MiB); certs=1 mmcs_groups=0 fri_fold=0 deep_ro=0 ood=0
[M4c size]   cert0 fri_fold: y=0 xs=0 (log_h=[])
[Aggregation] using embedded leaf PCS bundle from rec-agg proof (1 certs)
[Aggregation] using embedded leaf PCS bundle from rec-agg proof (1 certs)
[RecursiveAggregationAir] Verification success (R3-M2 compose=root)
[Aggregation] Root proof verified (R3-M2 fast path) for task e5b-shrink-parent
{
  "benchmark": "idle_two_leaf_poseidon_compose",
  "fri_num_queries": 8,
  "has_rec_agg_tail": true,
  "keccak_reference_root_bytes": 5022410,
  "left_leaf_bytes": 3679,
  "left_pcs_bytes": 8542,
  "mmcs_group_chunk": 24,
  "nested_fri_num_queries": 8,
  "reference_sweep": "low/chunk24",
  "right_leaf_bytes": 3679,
  "right_pcs_bytes": 8542,
  "root_bytes": 39386,
  "root_saved_vs_keccak_ref": 4983024,
  "security_level": "low",
  "security_level_label": "low",
  "shrink_gate_bytes": 512000,
  "vs_shrink_gate": -472614
}
wrote /Users/yoshitaka/world-qc/wqc-stark-engine/fixtures/e5b/poseidon-compose.json (ref low/chunk24)
